python : Python 
위치 줄:1 문자:1
+ python tests/test_bot_settings.py -v *> test_output.txt; Get-Content  ...
+ ~~~~~~~~~~~~~~~~~~~~~~~~~~~~~~~~~~~~~~~~~~~~~~~~~~~~~~~
    + CategoryInfo          : NotSpecified: (Python :String) [], RemoteExcepti 
   on
    + FullyQualifiedErrorId : NativeCommandError
 
